registry-check	Set up job	﻿2026-09-26T22:36:41.8605211Z Current runner version: '2.337.0'
registry-check	Set up job	2026-09-26T22:36:41.8633215Z ##[group]Runner Image Provisioner
registry-check	Set up job	2026-09-26T22:36:41.8634226Z Hosted Compute Agent
registry-check	Set up job	2026-09-26T22:36:41.8634955Z Version: 20260828.587
registry-check	Set up job	2026-09-26T22:36:41.8635700Z Commit: abac92662cab4cc7352de4f9f9d2e2419aad9c29
registry-check	Set up job	2026-09-26T22:36:41.8636544Z Build Date: 2026-08-28T16:44:25Z
registry-check	Set up job	2026-09-26T22:36:41.8637410Z Worker ID: {b27139c8-c0c0-446a-b57e-08122425ebf7}
registry-check	Set up job	2026-09-26T22:36:41.8638280Z Azure Region: centralus
registry-check	Set up job	2026-09-26T22:36:41.8638965Z ##[endgroup]
registry-check	Set up job	2026-09-26T22:36:41.8640778Z ##[group]Operating System
registry-check	Set up job	2026-09-26T22:36:41.8641744Z Ubuntu
registry-check	Set up job	2026-09-26T22:36:41.8642410Z 24.04.5
registry-check	Set up job	2026-09-26T22:36:41.8642989Z LTS
registry-check	Set up job	2026-09-26T22:36:41.8643547Z ##[endgroup]
registry-check	Set up job	2026-09-26T22:36:41.8644248Z ##[group]Runner Image
registry-check	Set up job	2026-09-26T22:36:41.8644977Z Image: ubuntu-24.04
registry-check	Set up job	2026-09-26T22:36:41.8645706Z Version: 20260920.314.1
registry-check	Set up job	2026-09-26T22:36:41.8646930Z Included Software: https://github.com/actions/runner-images/blob/ubuntu24/20260920.314/images/ubuntu/Ubuntu2404-Readme.md
registry-check	Set up job	2026-09-26T22:36:41.8648941Z Image Release: https://github.com/actions/runner-images/releases/tag/ubuntu24%2F20260920.314
registry-check	Set up job	2026-09-26T22:36:41.8650108Z ##[endgroup]
registry-check	Set up job	2026-09-26T22:36:41.8651605Z ##[group]GITHUB_TOKEN Permissions
registry-check	Set up job	2026-09-26T22:36:41.8654216Z Contents: read
registry-check	Set up job	2026-09-26T22:36:41.8655021Z Metadata: read
registry-check	Set up job	2026-09-26T22:36:41.8655699Z ##[endgroup]
registry-check	Set up job	2026-09-26T22:36:41.8658257Z Secret source: Actions
registry-check	Set up job	2026-09-26T22:36:41.8659266Z Cache mode: write
registry-check	Set up job	2026-09-26T22:36:41.8660133Z Prepare workflow directory
registry-check	Set up job	2026-09-26T22:36:41.8988084Z Prepare all required actions
registry-check	Set up job	2026-09-26T22:36:41.9103043Z Complete job name: registry-check
registry-check	Registry check (read only)	﻿2026-09-26T22:36:41.9918912Z ##[group]Run set -euo pipefail
registry-check	Registry check (read only)	2026-09-26T22:36:41.9919782Z [36;1mset -euo pipefail[0m
registry-check	Registry check (read only)	2026-09-26T22:36:41.9920611Z [36;1mgit init -q work && cd work[0m
registry-check	Registry check (read only)	2026-09-26T22:36:41.9921788Z [36;1mgit remote add origin "https://github.com/${REPO}.git"[0m
registry-check	Registry check (read only)	2026-09-26T22:36:41.9923174Z [36;1m# R-20: fetch the registry explicitly, full history, never forced.[0m
registry-check	Registry check (read only)	2026-09-26T22:36:41.9924177Z [36;1mgit fetch --no-tags -q origin \[0m
registry-check	Registry check (read only)	2026-09-26T22:36:41.9925194Z [36;1m  refs/heads/codeflow/registry:refs/remotes/origin/codeflow/registry[0m
registry-check	Registry check (read only)	2026-09-26T22:36:41.9926264Z [36;1mif [ "$EVENT" = pull_request ]; then[0m
registry-check	Registry check (read only)	2026-09-26T22:36:41.9927108Z [36;1m  git fetch --no-tags -q origin \[0m
registry-check	Registry check (read only)	2026-09-26T22:36:41.9928156Z [36;1m    "refs/heads/${BASE_REF}:refs/remotes/origin/target" \[0m
registry-check	Registry check (read only)	2026-09-26T22:36:41.9929188Z [36;1m    "refs/pull/${PR_NUMBER}/head:refs/remotes/pr/head"[0m
registry-check	Registry check (read only)	2026-09-26T22:36:41.9930216Z [36;1m  mode=(--pr-base origin/target --pr-head pr/head)[0m
registry-check	Registry check (read only)	2026-09-26T22:36:41.9931276Z [36;1melse[0m
registry-check	Registry check (read only)	2026-09-26T22:36:41.9932143Z [36;1m  git fetch --no-tags -q origin \[0m
registry-check	Registry check (read only)	2026-09-26T22:36:41.9933031Z [36;1m    "refs/heads/${REF_NAME}:refs/remotes/origin/target"[0m
registry-check	Registry check (read only)	2026-09-26T22:36:41.9933949Z [36;1m  mode=(--target origin/target)[0m
registry-check	Registry check (read only)	2026-09-26T22:36:41.9934778Z [36;1mfi[0m
registry-check	Registry check (read only)	2026-09-26T22:36:41.9935709Z [36;1mecho "event: ${EVENT}; check code from $(git rev-parse --short origin/target):ci/ids.py"[0m
registry-check	Registry check (read only)	2026-09-26T22:36:41.9937118Z [36;1mgit show origin/target:ci/ids.py > "${RUNNER_TEMP}/ids.py"[0m
registry-check	Registry check (read only)	2026-09-26T22:36:41.9938122Z [36;1mpython3 "${RUNNER_TEMP}/ids.py" check \[0m
registry-check	Registry check (read only)	2026-09-26T22:36:41.9939087Z [36;1m  --registry origin/codeflow/registry "${mode[@]}"[0m
registry-check	Registry check (read only)	2026-09-26T22:36:42.0513488Z shell: /usr/bin/bash -e {0}
registry-check	Registry check (read only)	2026-09-26T22:36:42.0514221Z env:
registry-check	Registry check (read only)	2026-09-26T22:36:42.0514759Z   EVENT: pull_request
registry-check	Registry check (read only)	2026-09-26T22:36:42.0515245Z   BASE_REF: main
registry-check	Registry check (read only)	2026-09-26T22:36:42.0515666Z   PR_NUMBER: 1
registry-check	Registry check (read only)	2026-09-26T22:36:42.0516131Z   REF_NAME: 1/merge
registry-check	Registry check (read only)	2026-09-26T22:36:42.0516606Z   REPO: sathyassn/codeflow-registry-proof
registry-check	Registry check (read only)	2026-09-26T22:36:42.0517166Z ##[endgroup]
registry-check	Registry check (read only)	2026-09-26T22:36:42.8427405Z event: pull_request; check code from af843e0:ci/ids.py
registry-check	Registry check (read only)	2026-09-26T22:36:42.9004052Z registry: origin/codeflow/registry tip 0b915de0e107, 7 commits, 7 ids ever added
registry-check	Registry check (read only)	2026-09-26T22:36:42.9006709Z mode: pull request, 1 added paths under project-management/
registry-check	Registry check (read only)	2026-09-26T22:36:42.9009904Z FINDING TSK-008: not reserved in the registry; a maintainer must admit uid e5412fbd-d3b3-43eb-a442-1ee9b2c8fb45 (R-14, R-17)
registry-check	Registry check (read only)	2026-09-26T22:36:42.9013384Z registry check: FAIL (1 findings)
registry-check	Registry check (read only)	2026-09-26T22:36:42.9073930Z ##[error]Process completed with exit code 1.
registry-check	Complete job	﻿2026-09-26T22:36:42.9247472Z Cleaning up orphan processes
