registry-check	Set up job	﻿2026-09-26T22:37:00.4593825Z Current runner version: '2.337.0'
registry-check	Set up job	2026-09-26T22:37:00.4619802Z ##[group]Runner Image Provisioner
registry-check	Set up job	2026-09-26T22:37:00.4620630Z Hosted Compute Agent
registry-check	Set up job	2026-09-26T22:37:00.4621184Z Version: 20260828.587
registry-check	Set up job	2026-09-26T22:37:00.4622184Z Commit: abac92662cab4cc7352de4f9f9d2e2419aad9c29
registry-check	Set up job	2026-09-26T22:37:00.4622903Z Build Date: 2026-08-28T16:44:25Z
registry-check	Set up job	2026-09-26T22:37:00.4623511Z Worker ID: {6bd3e459-b84b-49a2-9757-8ec773f71651}
registry-check	Set up job	2026-09-26T22:37:00.4624231Z Azure Region: westus3
registry-check	Set up job	2026-09-26T22:37:00.4624752Z ##[endgroup]
registry-check	Set up job	2026-09-26T22:37:00.4626247Z ##[group]Operating System
registry-check	Set up job	2026-09-26T22:37:00.4626820Z Ubuntu
registry-check	Set up job	2026-09-26T22:37:00.4627306Z 24.04.5
registry-check	Set up job	2026-09-26T22:37:00.4627801Z LTS
registry-check	Set up job	2026-09-26T22:37:00.4628263Z ##[endgroup]
registry-check	Set up job	2026-09-26T22:37:00.4628764Z ##[group]Runner Image
registry-check	Set up job	2026-09-26T22:37:00.4629353Z Image: ubuntu-24.04
registry-check	Set up job	2026-09-26T22:37:00.4629884Z Version: 20260920.314.1
registry-check	Set up job	2026-09-26T22:37:00.4630864Z Included Software: https://github.com/actions/runner-images/blob/ubuntu24/20260920.314/images/ubuntu/Ubuntu2404-Readme.md
registry-check	Set up job	2026-09-26T22:37:00.4632634Z Image Release: https://github.com/actions/runner-images/releases/tag/ubuntu24%2F20260920.314
registry-check	Set up job	2026-09-26T22:37:00.4633518Z ##[endgroup]
registry-check	Set up job	2026-09-26T22:37:00.4634661Z ##[group]GITHUB_TOKEN Permissions
registry-check	Set up job	2026-09-26T22:37:00.4636865Z Contents: read
registry-check	Set up job	2026-09-26T22:37:00.4637432Z Metadata: read
registry-check	Set up job	2026-09-26T22:37:00.4637994Z ##[endgroup]
registry-check	Set up job	2026-09-26T22:37:00.4640411Z Secret source: Actions
registry-check	Set up job	2026-09-26T22:37:00.4641325Z Cache mode: write
registry-check	Set up job	2026-09-26T22:37:00.4642372Z Prepare workflow directory
registry-check	Set up job	2026-09-26T22:37:00.4964664Z Prepare all required actions
registry-check	Set up job	2026-09-26T22:37:00.5062625Z Complete job name: registry-check
registry-check	Registry check (read only)	﻿2026-09-26T22:37:00.5746712Z ##[group]Run set -euo pipefail
registry-check	Registry check (read only)	2026-09-26T22:37:00.5747530Z [36;1mset -euo pipefail[0m
registry-check	Registry check (read only)	2026-09-26T22:37:00.5748128Z [36;1mgit init -q work && cd work[0m
registry-check	Registry check (read only)	2026-09-26T22:37:00.5748869Z [36;1mgit remote add origin "https://github.com/${REPO}.git"[0m
registry-check	Registry check (read only)	2026-09-26T22:37:00.5749876Z [36;1m# R-20: fetch the registry explicitly, full history, never forced.[0m
registry-check	Registry check (read only)	2026-09-26T22:37:00.5750695Z [36;1mgit fetch --no-tags -q origin \[0m
registry-check	Registry check (read only)	2026-09-26T22:37:00.5751650Z [36;1m  refs/heads/codeflow/registry:refs/remotes/origin/codeflow/registry[0m
registry-check	Registry check (read only)	2026-09-26T22:37:00.5752475Z [36;1mif [ "$EVENT" = pull_request ]; then[0m
registry-check	Registry check (read only)	2026-09-26T22:37:00.5753195Z [36;1m  git fetch --no-tags -q origin \[0m
registry-check	Registry check (read only)	2026-09-26T22:37:00.5753916Z [36;1m    "refs/heads/${BASE_REF}:refs/remotes/origin/target" \[0m
registry-check	Registry check (read only)	2026-09-26T22:37:00.5754718Z [36;1m    "refs/pull/${PR_NUMBER}/head:refs/remotes/pr/head"[0m
registry-check	Registry check (read only)	2026-09-26T22:37:00.5755497Z [36;1m  mode=(--pr-base origin/target --pr-head pr/head)[0m
registry-check	Registry check (read only)	2026-09-26T22:37:00.5756159Z [36;1melse[0m
registry-check	Registry check (read only)	2026-09-26T22:37:00.5756805Z [36;1m  git fetch --no-tags -q origin \[0m
registry-check	Registry check (read only)	2026-09-26T22:37:00.5757506Z [36;1m    "refs/heads/${REF_NAME}:refs/remotes/origin/target"[0m
registry-check	Registry check (read only)	2026-09-26T22:37:00.5758223Z [36;1m  mode=(--target origin/target)[0m
registry-check	Registry check (read only)	2026-09-26T22:37:00.5758805Z [36;1mfi[0m
registry-check	Registry check (read only)	2026-09-26T22:37:00.5759535Z [36;1mecho "event: ${EVENT}; check code from $(git rev-parse --short origin/target):ci/ids.py"[0m
registry-check	Registry check (read only)	2026-09-26T22:37:00.5760586Z [36;1mgit show origin/target:ci/ids.py > "${RUNNER_TEMP}/ids.py"[0m
registry-check	Registry check (read only)	2026-09-26T22:37:00.5761341Z [36;1mpython3 "${RUNNER_TEMP}/ids.py" check \[0m
registry-check	Registry check (read only)	2026-09-26T22:37:00.5762406Z [36;1m  --registry origin/codeflow/registry "${mode[@]}"[0m
registry-check	Registry check (read only)	2026-09-26T22:37:00.6530013Z shell: /usr/bin/bash -e {0}
registry-check	Registry check (read only)	2026-09-26T22:37:00.6531764Z env:
registry-check	Registry check (read only)	2026-09-26T22:37:00.6533167Z   EVENT: pull_request
registry-check	Registry check (read only)	2026-09-26T22:37:00.6534057Z   BASE_REF: main
registry-check	Registry check (read only)	2026-09-26T22:37:00.6534837Z   PR_NUMBER: 1
registry-check	Registry check (read only)	2026-09-26T22:37:00.6535760Z   REF_NAME: 1/merge
registry-check	Registry check (read only)	2026-09-26T22:37:00.6536758Z   REPO: sathyassn/codeflow-registry-proof
registry-check	Registry check (read only)	2026-09-26T22:37:00.6537909Z ##[endgroup]
registry-check	Registry check (read only)	2026-09-26T22:37:02.7328667Z event: pull_request; check code from af843e0:ci/ids.py
registry-check	Registry check (read only)	2026-09-26T22:37:02.8073810Z registry: origin/codeflow/registry tip 1e69821a47a0, 8 commits, 8 ids ever added
registry-check	Registry check (read only)	2026-09-26T22:37:02.8074643Z mode: pull request, 1 added paths under project-management/
registry-check	Registry check (read only)	2026-09-26T22:37:02.8075309Z bound: TSK-008 -> e5412fbd-d3b3-43eb-a442-1ee9b2c8fb45
registry-check	Registry check (read only)	2026-09-26T22:37:02.8076101Z registry check: pass
registry-check	Complete job	﻿2026-09-26T22:37:02.8287427Z Cleaning up orphan processes
