108521034883		﻿2026-09-27T00:55:29.4492174Z Current runner version: '2.337.0'
108521034883		2026-09-27T00:55:29.4528065Z ##[group]Runner Image Provisioner
108521034883		2026-09-27T00:55:29.4529386Z Hosted Compute Agent
108521034883		2026-09-27T00:55:29.4530506Z Version: 20260828.587
108521034883		2026-09-27T00:55:29.4531541Z Commit: abac92662cab4cc7352de4f9f9d2e2419aad9c29
108521034883		2026-09-27T00:55:29.4532751Z Build Date: 2026-08-28T16:44:25Z
108521034883		2026-09-27T00:55:29.4533996Z Worker ID: {7127c594-a585-4d71-ba39-5eddf9266841}
108521034883		2026-09-27T00:55:29.4535447Z Azure Region: eastus
108521034883		2026-09-27T00:55:29.4536495Z ##[endgroup]
108521034883		2026-09-27T00:55:29.4539127Z ##[group]Operating System
108521034883		2026-09-27T00:55:29.4540197Z Ubuntu
108521034883		2026-09-27T00:55:29.4541170Z 24.04.5
108521034883		2026-09-27T00:55:29.4541963Z LTS
108521034883		2026-09-27T00:55:29.4542909Z ##[endgroup]
108521034883		2026-09-27T00:55:29.4543872Z ##[group]Runner Image
108521034883		2026-09-27T00:55:29.4545004Z Image: ubuntu-24.04
108521034883		2026-09-27T00:55:29.4546291Z Version: 20260920.314.1
108521034883		2026-09-27T00:55:29.4548419Z Included Software: https://github.com/actions/runner-images/blob/ubuntu24/20260920.314/images/ubuntu/Ubuntu2404-Readme.md
108521034883		2026-09-27T00:55:29.4551117Z Image Release: https://github.com/actions/runner-images/releases/tag/ubuntu24%2F20260920.314
108521034883		2026-09-27T00:55:29.4552865Z ##[endgroup]
108521034883		2026-09-27T00:55:29.4554758Z ##[group]GITHUB_TOKEN Permissions
108521034883		2026-09-27T00:55:29.4557964Z Contents: read
108521034883		2026-09-27T00:55:29.4558913Z Metadata: read
108521034883		2026-09-27T00:55:29.4559801Z ##[endgroup]
108521034883		2026-09-27T00:55:29.4562878Z Secret source: Actions
108521034883		2026-09-27T00:55:29.4564336Z Cache mode: write
108521034883		2026-09-27T00:55:29.4565808Z Prepare workflow directory
108521034883		2026-09-27T00:55:29.5036292Z Prepare all required actions
108521034883		2026-09-27T00:55:29.5196482Z Complete job name: registry-check
108521034883		2026-09-27T00:55:29.6176040Z ##[group]Run set -euo pipefail
108521034883		2026-09-27T00:55:29.6176924Z [36;1mset -euo pipefail[0m
108521034883		2026-09-27T00:55:29.6177699Z [36;1mgit init -q work && cd work[0m
108521034883		2026-09-27T00:55:29.6178558Z [36;1mgit remote add origin "https://github.com/${REPO}.git"[0m
108521034883		2026-09-27T00:55:29.6179744Z [36;1m# R-20: fetch the registry explicitly, full history, never forced.[0m
108521034883		2026-09-27T00:55:29.6180651Z [36;1mgit fetch --no-tags -q origin \[0m
108521034883		2026-09-27T00:55:29.6181502Z [36;1m  refs/heads/codeflow/registry:refs/remotes/origin/codeflow/registry[0m
108521034883		2026-09-27T00:55:29.6182459Z [36;1mif [ "$EVENT" = pull_request ]; then[0m
108521034883		2026-09-27T00:55:29.6183252Z [36;1m  git fetch --no-tags -q origin \[0m
108521034883		2026-09-27T00:55:29.6184097Z [36;1m    "refs/heads/${BASE_REF}:refs/remotes/origin/target" \[0m
108521034883		2026-09-27T00:55:29.6185000Z [36;1m    "refs/pull/${PR_NUMBER}/head:refs/remotes/pr/head"[0m
108521034883		2026-09-27T00:55:29.6186359Z [36;1m  mode=(--pr-base origin/target --pr-head pr/head)[0m
108521034883		2026-09-27T00:55:29.6187352Z [36;1melse[0m
108521034883		2026-09-27T00:55:29.6187936Z [36;1m  git fetch --no-tags -q origin \[0m
108521034883		2026-09-27T00:55:29.6188773Z [36;1m    "refs/heads/${REF_NAME}:refs/remotes/origin/target"[0m
108521034883		2026-09-27T00:55:29.6189592Z [36;1m  mode=(--target origin/target)[0m
108521034883		2026-09-27T00:55:29.6190222Z [36;1mfi[0m
108521034883		2026-09-27T00:55:29.6191170Z [36;1mecho "event: ${EVENT}; check code from $(git rev-parse --short origin/target):ci/ids.py"[0m
108521034883		2026-09-27T00:55:29.6192258Z [36;1mgit show origin/target:ci/ids.py > "${RUNNER_TEMP}/ids.py"[0m
108521034883		2026-09-27T00:55:29.6193165Z [36;1mpython3 "${RUNNER_TEMP}/ids.py" check \[0m
108521034883		2026-09-27T00:55:29.6193984Z [36;1m  --registry origin/codeflow/registry "${mode[@]}"[0m
108521034883		2026-09-27T00:55:29.7031890Z shell: /usr/bin/bash -e {0}
108521034883		2026-09-27T00:55:29.7033022Z env:
108521034883		2026-09-27T00:55:29.7033817Z   EVENT: schedule
108521034883		2026-09-27T00:55:29.7034545Z   BASE_REF: 
108521034883		2026-09-27T00:55:29.7035452Z   PR_NUMBER: 
108521034883		2026-09-27T00:55:29.7036093Z   REF_NAME: main
108521034883		2026-09-27T00:55:29.7036752Z   REPO: sathyassn/codeflow-registry-proof
108521034883		2026-09-27T00:55:29.7037549Z ##[endgroup]
108521034883		2026-09-27T00:55:31.2859228Z event: schedule; check code from af843e0:ci/ids.py
108521034883		2026-09-27T00:55:31.3845653Z registry: origin/codeflow/registry tip b42d92530235, 15 commits, 14 ids ever added
108521034883		2026-09-27T00:55:31.3847481Z mode: target origin/target, 1 paths under project-management/
108521034883		2026-09-27T00:55:31.3848897Z bound: TSK-001 -> b9463d36-6d9b-48d8-9e7c-0dc8dbada6fc
108521034883		2026-09-27T00:55:31.3850591Z FINDING 1d116a57e436: deletes ids/TSK/008.toml (R-8)
108521034883		2026-09-27T00:55:31.3852095Z FINDING damaged: ids/TSK/008.toml (added in 1e69821a47a0) is absent from the tip (R-9)
108521034883		2026-09-27T00:55:31.3853519Z registry check: FAIL (2 findings)
108521034883		2026-09-27T00:55:31.3930378Z ##[error]Process completed with exit code 1.
108521034883		2026-09-27T00:55:31.4112225Z Cleaning up orphan processes
