registry-check	Set up job	﻿2026-09-26T22:37:36.2254695Z Current runner version: '2.337.0'
registry-check	Set up job	2026-09-26T22:37:36.2279156Z ##[group]Runner Image Provisioner
registry-check	Set up job	2026-09-26T22:37:36.2279906Z Hosted Compute Agent
registry-check	Set up job	2026-09-26T22:37:36.2280421Z Version: 20260828.587
registry-check	Set up job	2026-09-26T22:37:36.2281016Z Commit: abac92662cab4cc7352de4f9f9d2e2419aad9c29
registry-check	Set up job	2026-09-26T22:37:36.2281654Z Build Date: 2026-08-28T16:44:25Z
registry-check	Set up job	2026-09-26T22:37:36.2282254Z Worker ID: {bd98c883-41f9-499b-b909-0d24cd388838}
registry-check	Set up job	2026-09-26T22:37:36.2282852Z Azure Region: westus3
registry-check	Set up job	2026-09-26T22:37:36.2283322Z ##[endgroup]
registry-check	Set up job	2026-09-26T22:37:36.2284459Z ##[group]Operating System
registry-check	Set up job	2026-09-26T22:37:36.2285002Z Ubuntu
registry-check	Set up job	2026-09-26T22:37:36.2285417Z 24.04.5
registry-check	Set up job	2026-09-26T22:37:36.2285916Z LTS
registry-check	Set up job	2026-09-26T22:37:36.2286380Z ##[endgroup]
registry-check	Set up job	2026-09-26T22:37:36.2286928Z ##[group]Runner Image
registry-check	Set up job	2026-09-26T22:37:36.2287468Z Image: ubuntu-24.04
registry-check	Set up job	2026-09-26T22:37:36.2287986Z Version: 20260920.314.1
registry-check	Set up job	2026-09-26T22:37:36.2288909Z Included Software: https://github.com/actions/runner-images/blob/ubuntu24/20260920.314/images/ubuntu/Ubuntu2404-Readme.md
registry-check	Set up job	2026-09-26T22:37:36.2290630Z Image Release: https://github.com/actions/runner-images/releases/tag/ubuntu24%2F20260920.314
registry-check	Set up job	2026-09-26T22:37:36.2291453Z ##[endgroup]
registry-check	Set up job	2026-09-26T22:37:36.2292340Z ##[group]GITHUB_TOKEN Permissions
registry-check	Set up job	2026-09-26T22:37:36.2294115Z Contents: read
registry-check	Set up job	2026-09-26T22:37:36.2294606Z Metadata: read
registry-check	Set up job	2026-09-26T22:37:36.2295143Z ##[endgroup]
registry-check	Set up job	2026-09-26T22:37:36.2297156Z Secret source: Actions
registry-check	Set up job	2026-09-26T22:37:36.2298004Z Cache mode: write
registry-check	Set up job	2026-09-26T22:37:36.2298714Z Prepare workflow directory
registry-check	Set up job	2026-09-26T22:37:36.2562967Z Prepare all required actions
registry-check	Set up job	2026-09-26T22:37:36.2646935Z Complete job name: registry-check
registry-check	Registry check (read only)	﻿2026-09-26T22:37:36.3447531Z ##[group]Run set -euo pipefail
registry-check	Registry check (read only)	2026-09-26T22:37:36.3448628Z [36;1mset -euo pipefail[0m
registry-check	Registry check (read only)	2026-09-26T22:37:36.3449567Z [36;1mgit init -q work && cd work[0m
registry-check	Registry check (read only)	2026-09-26T22:37:36.3450679Z [36;1mgit remote add origin "https://github.com/${REPO}.git"[0m
registry-check	Registry check (read only)	2026-09-26T22:37:36.3452191Z [36;1m# R-20: fetch the registry explicitly, full history, never forced.[0m
registry-check	Registry check (read only)	2026-09-26T22:37:36.3453271Z [36;1mgit fetch --no-tags -q origin \[0m
registry-check	Registry check (read only)	2026-09-26T22:37:36.3454491Z [36;1m  refs/heads/codeflow/registry:refs/remotes/origin/codeflow/registry[0m
registry-check	Registry check (read only)	2026-09-26T22:37:36.3455586Z [36;1mif [ "$EVENT" = pull_request ]; then[0m
registry-check	Registry check (read only)	2026-09-26T22:37:36.3456506Z [36;1m  git fetch --no-tags -q origin \[0m
registry-check	Registry check (read only)	2026-09-26T22:37:36.3457496Z [36;1m    "refs/heads/${BASE_REF}:refs/remotes/origin/target" \[0m
registry-check	Registry check (read only)	2026-09-26T22:37:36.3458641Z [36;1m    "refs/pull/${PR_NUMBER}/head:refs/remotes/pr/head"[0m
registry-check	Registry check (read only)	2026-09-26T22:37:36.3459865Z [36;1m  mode=(--pr-base origin/target --pr-head pr/head)[0m
registry-check	Registry check (read only)	2026-09-26T22:37:36.3460764Z [36;1melse[0m
registry-check	Registry check (read only)	2026-09-26T22:37:36.3461626Z [36;1m  git fetch --no-tags -q origin \[0m
registry-check	Registry check (read only)	2026-09-26T22:37:36.3462608Z [36;1m    "refs/heads/${REF_NAME}:refs/remotes/origin/target"[0m
registry-check	Registry check (read only)	2026-09-26T22:37:36.3463626Z [36;1m  mode=(--target origin/target)[0m
registry-check	Registry check (read only)	2026-09-26T22:37:36.3464416Z [36;1mfi[0m
registry-check	Registry check (read only)	2026-09-26T22:37:36.3465518Z [36;1mecho "event: ${EVENT}; check code from $(git rev-parse --short origin/target):ci/ids.py"[0m
registry-check	Registry check (read only)	2026-09-26T22:37:36.3466896Z [36;1mgit show origin/target:ci/ids.py > "${RUNNER_TEMP}/ids.py"[0m
registry-check	Registry check (read only)	2026-09-26T22:37:36.3468048Z [36;1mpython3 "${RUNNER_TEMP}/ids.py" check \[0m
registry-check	Registry check (read only)	2026-09-26T22:37:36.3469289Z [36;1m  --registry origin/codeflow/registry "${mode[@]}"[0m
registry-check	Registry check (read only)	2026-09-26T22:37:36.4834536Z shell: /usr/bin/bash -e {0}
registry-check	Registry check (read only)	2026-09-26T22:37:36.4835306Z env:
registry-check	Registry check (read only)	2026-09-26T22:37:36.4835657Z   EVENT: pull_request
registry-check	Registry check (read only)	2026-09-26T22:37:36.4836040Z   BASE_REF: main
registry-check	Registry check (read only)	2026-09-26T22:37:36.4836396Z   PR_NUMBER: 1
registry-check	Registry check (read only)	2026-09-26T22:37:36.4836745Z   REF_NAME: 1/merge
registry-check	Registry check (read only)	2026-09-26T22:37:36.4837132Z   REPO: sathyassn/codeflow-registry-proof
registry-check	Registry check (read only)	2026-09-26T22:37:36.4837613Z ##[endgroup]
registry-check	Registry check (read only)	2026-09-26T22:37:38.7964291Z event: pull_request; check code from af843e0:ci/ids.py
registry-check	Registry check (read only)	2026-09-26T22:37:38.8628598Z registry: origin/codeflow/registry tip 1d116a57e436, 9 commits, 8 ids ever added
registry-check	Registry check (read only)	2026-09-26T22:37:38.8630423Z mode: pull request, 1 added paths under project-management/
registry-check	Registry check (read only)	2026-09-26T22:37:38.8630802Z FINDING 1d116a57e436: deletes ids/TSK/008.toml (R-8)
registry-check	Registry check (read only)	2026-09-26T22:37:38.8631695Z FINDING damaged: ids/TSK/008.toml (added in 1e69821a47a0) is absent from the tip (R-9)
registry-check	Registry check (read only)	2026-09-26T22:37:38.8632335Z FINDING TSK-008: not reserved in the registry; a maintainer must admit uid e5412fbd-d3b3-43eb-a442-1ee9b2c8fb45 (R-14, R-17)
registry-check	Registry check (read only)	2026-09-26T22:37:38.8632878Z registry check: FAIL (3 findings)
registry-check	Registry check (read only)	2026-09-26T22:37:38.8701772Z ##[error]Process completed with exit code 1.
registry-check	Complete job	﻿2026-09-26T22:37:38.8825828Z Cleaning up orphan processes
